rooms: kitchen, living, bedroom
30 scenes x 3 seeds x 10 views   800x600  vfov 60
camera height 1-1.5 m, sampled uniformly
(agent standing height 1.576 is not used)

  FloorPlan7 s1: 10 views, 42 object-views, 10 relations [clear 6, hard 4 of which recoverable 4]
  FloorPlan7 s2: 10 views, 91 object-views, 44 relations [clear 44, hard 0 of which recoverable 0]
  FloorPlan7 s3: 10 views, 137 object-views, 136 relations [clear 127, hard 9 of which recoverable 5]
  FloorPlan1 s1: 10 views, 107 object-views, 102 relations [clear 97, hard 5 of which recoverable 3]
  FloorPlan1 s2: 10 views, 133 object-views, 111 relations [clear 109, hard 2 of which recoverable 1]
  FloorPlan1 s3: 10 views, 108 object-views, 80 relations [clear 80, hard 0 of which recoverable 0]
  FloorPlan10 s1: 10 views, 77 object-views, 42 relations [clear 42, hard 0 of which recoverable 0]
  FloorPlan10 s2: 10 views, 58 object-views, 17 relations [clear 17, hard 0 of which recoverable 0]
  FloorPlan10 s3: 10 views, 125 object-views, 134 relations [clear 110, hard 24 of which recoverable 5]
  FloorPlan5 s1: 10 views, 141 object-views, 144 relations [clear 127, hard 17 of which recoverable 8]
  FloorPlan5 s2: 10 views, 116 object-views, 108 relations [clear 107, hard 1 of which recoverable 0]
  FloorPlan5 s3: 10 views, 104 object-views, 86 relations [clear 86, hard 0 of which recoverable 0]
  FloorPlan16 s1: 10 views, 127 object-views, 99 relations [clear 93, hard 6 of which recoverable 4]
  FloorPlan16 s2: 10 views, 67 object-views, 52 relations [clear 49, hard 3 of which recoverable 2]
  FloorPlan16 s3: 10 views, 165 object-views, 187 relations [clear 178, hard 9 of which recoverable 8]
  FloorPlan17 s1: 10 views, 148 object-views, 135 relations [clear 129, hard 6 of which recoverable 5]
  FloorPlan17 s2: 10 views, 84 object-views, 103 relations [clear 58, hard 45 of which recoverable 1]
  FloorPlan17 s3: 10 views, 60 object-views, 36 relations [clear 32, hard 4 of which recoverable 3]
  FloorPlan18 s1: 10 views, 70 object-views, 71 relations [clear 70, hard 1 of which recoverable 0]
  FloorPlan18 s2: 10 views, 79 object-views, 36 relations [clear 36, hard 0 of which recoverable 0]
  FloorPlan18 s3: 10 views, 172 object-views, 202 relations [clear 182, hard 20 of which recoverable 3]
  FloorPlan21 s1: 10 views, 43 object-views, 29 relations [clear 26, hard 3 of which recoverable 1]
  FloorPlan21 s2: 10 views, 127 object-views, 113 relations [clear 71, hard 42 of which recoverable 2]
  FloorPlan21 s3: 10 views, 38 object-views, 25 relations [clear 23, hard 2 of which recoverable 2]
  FloorPlan8 s1: 10 views, 145 object-views, 155 relations [clear 150, hard 5 of which recoverable 5]
  FloorPlan8 s2: 10 views, 43 object-views, 18 relations [clear 18, hard 0 of which recoverable 0]
  FloorPlan8 s3: 10 views, 69 object-views, 25 relations [clear 25, hard 0 of which recoverable 0]
  FloorPlan6 s1: 10 views, 137 object-views, 119 relations [clear 119, hard 0 of which recoverable 0]
  FloorPlan6 s2: 10 views, 134 object-views, 140 relations [clear 135, hard 5 of which recoverable 3]
  FloorPlan6 s3: 10 views, 65 object-views, 24 relations [clear 24, hard 0 of which recoverable 0]
  FloorPlan201 s1: 10 views, 102 object-views, 75 relations [clear 35, hard 40 of which recoverable 0]
  FloorPlan201 s2: 10 views, 88 object-views, 77 relations [clear 57, hard 20 of which recoverable 6]
  FloorPlan201 s3: 10 views, 132 object-views, 131 relations [clear 53, hard 78 of which recoverable 0]
  FloorPlan215 s1: 10 views, 94 object-views, 79 relations [clear 67, hard 12 of which recoverable 4]
  FloorPlan215 s2: 10 views, 33 object-views, 14 relations [clear 11, hard 3 of which recoverable 0]
  FloorPlan215 s3: 10 views, 105 object-views, 56 relations [clear 52, hard 4 of which recoverable 0]
  FloorPlan230 s1: 10 views, 112 object-views, 129 relations [clear 87, hard 42 of which recoverable 19]
  FloorPlan230 s2: 10 views, 56 object-views, 39 relations [clear 38, hard 1 of which recoverable 0]
  FloorPlan230 s3: 10 views, 71 object-views, 34 relations [clear 33, hard 1 of which recoverable 0]
  FloorPlan204 s1: 10 views, 114 object-views, 134 relations [clear 82, hard 52 of which recoverable 21]
  FloorPlan204 s2: 10 views, 141 object-views, 177 relations [clear 153, hard 24 of which recoverable 3]
  FloorPlan204 s3: 10 views, 76 object-views, 28 relations [clear 28, hard 0 of which recoverable 0]
  FloorPlan203 s1: 10 views, 60 object-views, 48 relations [clear 47, hard 1 of which recoverable 1]
  FloorPlan203 s2: 10 views, 46 object-views, 36 relations [clear 32, hard 4 of which recoverable 0]
  FloorPlan203 s3: 10 views, 127 object-views, 231 relations [clear 111, hard 120 of which recoverable 17]
  FloorPlan227 s1: 10 views, 144 object-views, 165 relations [clear 140, hard 25 of which recoverable 5]
  FloorPlan227 s2: 10 views, 155 object-views, 191 relations [clear 145, hard 46 of which recoverable 0]
  FloorPlan227 s3: 10 views, 149 object-views, 164 relations [clear 127, hard 37 of which recoverable 4]
  FloorPlan218 s1: 10 views, 121 object-views, 163 relations [clear 93, hard 70 of which recoverable 3]
  FloorPlan218 s2: 10 views, 76 object-views, 53 relations [clear 37, hard 16 of which recoverable 10]
  FloorPlan218 s3: 10 views, 54 object-views, 48 relations [clear 46, hard 2 of which recoverable 2]
  FloorPlan224 s1: 10 views, 51 object-views, 23 relations [clear 18, hard 5 of which recoverable 1]
  FloorPlan224 s2: 10 views, 70 object-views, 61 relations [clear 21, hard 40 of which recoverable 2]
  FloorPlan224 s3: 10 views, 101 object-views, 94 relations [clear 13, hard 81 of which recoverable 0]
  FloorPlan223 s1: 10 views, 90 object-views, 78 relations [clear 70, hard 8 of which recoverable 3]
  FloorPlan223 s2: 10 views, 70 object-views, 36 relations [clear 24, hard 12 of which recoverable 2]
  FloorPlan223 s3: 10 views, 107 object-views, 134 relations [clear 102, hard 32 of which recoverable 18]
  FloorPlan228 s1: 10 views, 97 object-views, 88 relations [clear 79, hard 9 of which recoverable 5]
  FloorPlan228 s2: 10 views, 99 object-views, 99 relations [clear 71, hard 28 of which recoverable 3]
  FloorPlan228 s3: 10 views, 41 object-views, 28 relations [clear 22, hard 6 of which recoverable 0]
  FloorPlan311 s1: 10 views, 39 object-views, 31 relations [clear 31, hard 0 of which recoverable 0]
  FloorPlan311 s2: 10 views, 36 object-views, 26 relations [clear 25, hard 1 of which recoverable 1]
  FloorPlan311 s3: 10 views, 67 object-views, 43 relations [clear 41, hard 2 of which recoverable 1]
    note: only 7 distinct positions in 1.2-2 m for 10 views; positions repeat
  FloorPlan326 s1: 10 views, 61 object-views, 50 relations [clear 45, hard 5 of which recoverable 0]
  FloorPlan326 s2: 10 views, 74 object-views, 51 relations [clear 51, hard 0 of which recoverable 0]
  FloorPlan326 s3: 10 views, 55 object-views, 38 relations [clear 38, hard 0 of which recoverable 0]
    note: only 6 distinct positions in 1.2-2 m for 10 views; positions repeat
  FloorPlan330 s1: 10 views, 57 object-views, 54 relations [clear 14, hard 40 of which recoverable 0]
  FloorPlan330 s2: 10 views, 100 object-views, 53 relations [clear 40, hard 13 of which recoverable 0]
  FloorPlan330 s3: 10 views, 65 object-views, 21 relations [clear 20, hard 1 of which recoverable 1]
  FloorPlan307 s1: 10 views, 99 object-views, 93 relations [clear 54, hard 39 of which recoverable 2]
  FloorPlan307 s2: 10 views, 106 object-views, 122 relations [clear 94, hard 28 of which recoverable 5]
  FloorPlan307 s3: 10 views, 53 object-views, 15 relations [clear 5, hard 10 of which recoverable 0]
    note: only 9 distinct positions in 1.2-2 m for 10 views; positions repeat
  FloorPlan323 s1: 10 views, 47 object-views, 40 relations [clear 20, hard 20 of which recoverable 0]
    note: only 6 distinct positions in 1.2-2 m for 10 views; positions repeat
  FloorPlan323 s2: 10 views, 58 object-views, 50 relations [clear 34, hard 16 of which recoverable 0]
  FloorPlan323 s3: 10 views, 62 object-views, 51 relations [clear 33, hard 18 of which recoverable 6]
  FloorPlan321 s1: 10 views, 63 object-views, 51 relations [clear 49, hard 2 of which recoverable 0]
    note: only 6 distinct positions in 1.2-2 m for 10 views; positions repeat
  FloorPlan321 s2: 10 views, 51 object-views, 41 relations [clear 15, hard 26 of which recoverable 0]
  FloorPlan321 s3: 10 views, 112 object-views, 116 relations [clear 67, hard 49 of which recoverable 1]
  FloorPlan328 s1: 10 views, 96 object-views, 88 relations [clear 72, hard 16 of which recoverable 1]
  FloorPlan328 s2: 10 views, 95 object-views, 100 relations [clear 90, hard 10 of which recoverable 1]
  FloorPlan328 s3: 10 views, 137 object-views, 172 relations [clear 135, hard 37 of which recoverable 1]
  FloorPlan302 s1: 10 views, 55 object-views, 45 relations [clear 18, hard 27 of which recoverable 11]
  FloorPlan302 s2: 10 views, 114 object-views, 100 relations [clear 91, hard 9 of which recoverable 9]
  FloorPlan302 s3: 10 views, 99 object-views, 83 relations [clear 62, hard 21 of which recoverable 0]
  FloorPlan303 s1: 10 views, 69 object-views, 39 relations [clear 18, hard 21 of which recoverable 0]
  FloorPlan303 s2: 10 views, 144 object-views, 107 relations [clear 79, hard 28 of which recoverable 2]
  FloorPlan303 s3: 10 views, 105 object-views, 116 relations [clear 97, hard 19 of which recoverable 0]
  FloorPlan305 s1: 10 views, 57 object-views, 34 relations [clear 25, hard 9 of which recoverable 0]
  FloorPlan305 s2: 10 views, 80 object-views, 55 relations [clear 51, hard 4 of which recoverable 0]
  FloorPlan305 s3: 10 views, 75 object-views, 54 relations [clear 32, hard 22 of which recoverable 0]

90 scene records under occlusion_ds4/
